Ground-truth spectral projection: 64.4 ms
Exact identity: 384.9 us/query, 2598 QPS
Exact matern  : 376.8 us/query, 2654 QPS
Exact sobolev : 395.9 us/query, 2526 QPS
built/measured mih_m16_b32      M=16  bits=32 build=3.4 ms mem=0.85 MB
built/measured mih_m32_b32      M=32  bits=32 build=3.3 ms mem=1.10 MB
built/measured mih_m32_b64      M=32  bits=64 build=5.2 ms mem=1.64 MB
built/measured hybrid_m32_b64   M=32  bits=64 build=5.2 ms mem=1.64 MB
built/measured gray_m32_b32     M=32  bits=32 build=2.7 ms mem=0.57 MB
built/measured gray_full        M=64  bits=64 build=4.7 ms mem=1.08 MB

Benchmark summary (rough, N=4096, D=64, Q=32, k=10, SIMD level=3)
weight    config           ef      avg us   p95 us       QPS   recall   speedup
identity  mih_m16_b32      10         1.5      1.8    646243    0.181    248.7x
identity  mih_m16_b32      40         2.3      2.7    432660    0.356    166.5x
identity  mih_m16_b32      4096      70.5     86.6     14193    0.575      5.5x
matern    mih_m16_b32      10         1.0      1.1   1001941    0.172    377.5x
matern    mih_m16_b32      40         2.3      2.6    434824    0.281    163.8x
matern    mih_m16_b32      4096      80.6     89.4     12410    0.350      4.7x
sobolev   mih_m16_b32      10         1.0      1.1    987593    0.175    391.0x
sobolev   mih_m16_b32      40         2.3      2.6    440159    0.322    174.2x
sobolev   mih_m16_b32      4096      70.1     77.6     14261    0.500      5.6x
identity  mih_m32_b32      10         1.6      1.9    606543    0.181    233.4x
identity  mih_m32_b32      40         2.5      3.0    403719    0.381    155.4x
identity  mih_m32_b32      4096      84.5    105.3     11833    0.706      4.6x
matern    mih_m32_b32      10         1.1      1.2    925846    0.172    348.9x
matern    mih_m32_b32      40         3.1      3.7    324343    0.331    122.2x
matern    mih_m32_b32      4096      79.8     97.4     12535    0.506      4.7x
sobolev   mih_m32_b32      10         1.0      1.1    956795    0.175    378.8x
sobolev   mih_m32_b32      40         2.4      2.7    419057    0.350    165.9x
sobolev   mih_m32_b32      4096      78.4     85.7     12757    0.647      5.1x
identity  mih_m32_b64      10         2.7      2.3    371316    0.181    142.9x
identity  mih_m32_b64      40         3.5      4.3    287956    0.434    110.8x
identity  mih_m32_b64      4096      79.7     91.1     12540    0.706      4.8x
matern    mih_m32_b64      10         1.3      1.5    750663    0.178    282.8x
matern    mih_m32_b64      40         2.8      3.0    351521    0.375    132.5x
matern    mih_m32_b64      4096      79.8     92.0     12532    0.506      4.7x
sobolev   mih_m32_b64      10         1.3      1.4    789714    0.175    312.6x
sobolev   mih_m32_b64      40         2.6      3.0    378273    0.412    149.7x
sobolev   mih_m32_b64      4096      81.2     99.5     12310    0.647      4.9x
identity  hybrid_m32_b64   10         2.4      2.5    422080    0.181    162.4x
identity  hybrid_m32_b64   40         2.9      3.2    342726    0.434    131.9x
identity  hybrid_m32_b64   4096      76.6     87.7     13058    0.706      5.0x
matern    hybrid_m32_b64   10         1.2      1.3    815120    0.178    307.1x
matern    hybrid_m32_b64   40         2.8      3.1    351529    0.388    132.5x
matern    hybrid_m32_b64   4096      84.2    101.4     11883    0.506      4.5x
sobolev   hybrid_m32_b64   10         1.5      1.4    674479    0.175    267.0x
sobolev   hybrid_m32_b64   40         3.0      3.3    327976    0.416    129.8x
sobolev   hybrid_m32_b64   4096      76.5     82.5     13063    0.647      5.2x
identity  gray_m32_b32     10         1.7      1.8    594685    0.228    228.9x
identity  gray_m32_b32     40         2.2      2.7    453309    0.331    174.5x
identity  gray_m32_b32     4096      81.0    103.6     12343    0.706      4.8x
matern    gray_m32_b32     10         1.1      1.5    877819    0.222    330.8x
matern    gray_m32_b32     40         2.2      2.5    464078    0.297    174.9x
matern    gray_m32_b32     4096      77.8     83.6     12860    0.506      4.8x
sobolev   gray_m32_b32     10         1.0      1.1    955081    0.231    378.1x
sobolev   gray_m32_b32     40         2.1      2.5    468274    0.316    185.4x
sobolev   gray_m32_b32     4096      78.6     84.9     12717    0.647      5.0x
identity  gray_full        10         2.3      2.4    427705    0.206    164.6x
identity  gray_full        40         2.3      2.7    427945    0.294    164.7x
identity  gray_full        4096      92.5    107.7     10815    1.000      4.2x
matern    gray_full        10         1.3      1.4    787557    0.219    296.7x
matern    gray_full        40         2.3      2.6    441647    0.325    166.4x
matern    gray_full        4096      91.4    102.6     10942    1.000      4.1x
sobolev   gray_full        10         1.2      1.3    838201    0.213    331.8x
sobolev   gray_full        40         2.2      2.5    449198    0.322    177.8x
sobolev   gray_full        4096      89.0    100.3     11241    1.000      4.4x

Pareto frontier by weight (higher recall, lower p95 latency):
  identity:
    mih_m16_b32      ef=40    recall=0.356 p95=2.7 us QPS=432660
    mih_m32_b32      ef=40    recall=0.381 p95=3.0 us QPS=403719
    mih_m32_b32      ef=80    recall=0.494 p95=4.3 us QPS=250605
    mih_m32_b64      ef=20    recall=0.284 p95=2.0 us QPS=537671
    mih_m32_b64      ef=80    recall=0.541 p95=4.5 us QPS=244387
    mih_m32_b64      ef=160   recall=0.625 p95=7.3 us QPS=152823
    hybrid_m32_b64   ef=40    recall=0.434 p95=3.2 us QPS=342726
    hybrid_m32_b64   ef=4096  recall=0.706 p95=87.7 us QPS=13058
    gray_m32_b32     ef=20    recall=0.269 p95=1.8 us QPS=500555
    gray_m32_b32     ef=40    recall=0.331 p95=2.7 us QPS=453309
    gray_full        ef=40    recall=0.294 p95=2.7 us QPS=427945
    gray_full        ef=4096  recall=1.000 p95=107.7 us QPS=10815
  matern:
    mih_m16_b32      ef=10    recall=0.172 p95=1.1 us QPS=1001941
    mih_m32_b32      ef=80    recall=0.391 p95=4.4 us QPS=269410
    mih_m32_b32      ef=160   recall=0.456 p95=7.0 us QPS=165802
    mih_m32_b64      ef=40    recall=0.375 p95=3.0 us QPS=351521
    mih_m32_b64      ef=80    recall=0.447 p95=4.5 us QPS=251187
    mih_m32_b64      ef=160   recall=0.472 p95=7.6 us QPS=153911
    hybrid_m32_b64   ef=10    recall=0.178 p95=1.3 us QPS=815120
    hybrid_m32_b64   ef=40    recall=0.388 p95=3.1 us QPS=351529
    hybrid_m32_b64   ef=80    recall=0.453 p95=4.7 us QPS=239673
    hybrid_m32_b64   ef=160   recall=0.481 p95=7.8 us QPS=140541
    gray_m32_b32     ef=10    recall=0.222 p95=1.5 us QPS=877819
    gray_m32_b32     ef=20    recall=0.259 p95=1.7 us QPS=641193
    gray_m32_b32     ef=40    recall=0.297 p95=2.5 us QPS=464078
    gray_m32_b32     ef=4096  recall=0.506 p95=83.6 us QPS=12860
    gray_full        ef=10    recall=0.219 p95=1.4 us QPS=787557
    gray_full        ef=20    recall=0.278 p95=1.9 us QPS=505186
    gray_full        ef=40    recall=0.325 p95=2.6 us QPS=441647
    gray_full        ef=4096  recall=1.000 p95=102.6 us QPS=10942
  sobolev:
    mih_m32_b32      ef=40    recall=0.350 p95=2.7 us QPS=419057
    mih_m32_b32      ef=80    recall=0.438 p95=4.2 us QPS=280973
    mih_m32_b32      ef=160   recall=0.559 p95=6.8 us QPS=170826
    mih_m32_b64      ef=40    recall=0.412 p95=3.0 us QPS=378273
    mih_m32_b64      ef=80    recall=0.503 p95=4.3 us QPS=258150
    mih_m32_b64      ef=160   recall=0.578 p95=7.7 us QPS=151598
    hybrid_m32_b64   ef=20    recall=0.319 p95=2.1 us QPS=502126
    hybrid_m32_b64   ef=40    recall=0.416 p95=3.3 us QPS=327976
    hybrid_m32_b64   ef=80    recall=0.506 p95=4.6 us QPS=245453
    hybrid_m32_b64   ef=160   recall=0.575 p95=7.1 us QPS=157459
    hybrid_m32_b64   ef=4096  recall=0.647 p95=82.5 us QPS=13063
    gray_m32_b32     ef=10    recall=0.231 p95=1.1 us QPS=955081
    gray_m32_b32     ef=20    recall=0.272 p95=1.7 us QPS=644771
    gray_full        ef=40    recall=0.322 p95=2.5 us QPS=449198
    gray_full        ef=4096  recall=1.000 p95=100.3 us QPS=11241

CSV written to /mnt/agents/output/zenith/results/zenith_rough_native.csv
