Ground-truth spectral projection: 67.6 ms
Exact identity: 373.9 us/query, 2675 QPS
Exact matern  : 379.5 us/query, 2635 QPS
Exact sobolev : 384.7 us/query, 2600 QPS
built/measured mih_m16_b32      M=16  bits=32 build=3.4 ms mem=0.85 MB
built/measured mih_m32_b32      M=32  bits=32 build=3.7 ms mem=1.10 MB
built/measured mih_m32_b64      M=32  bits=64 build=6.1 ms mem=1.64 MB
built/measured hybrid_m32_b64   M=32  bits=64 build=5.1 ms mem=1.64 MB
built/measured gray_m32_b32     M=32  bits=32 build=2.6 ms mem=0.57 MB
built/measured gray_full        M=64  bits=64 build=4.5 ms mem=1.08 MB

Benchmark summary (gaussian, N=4096, D=64, Q=32, k=10, SIMD level=3)
weight    config           ef      avg us   p95 us       QPS   recall   speedup
identity  mih_m16_b32      10         3.3      3.8    303960    0.013    113.6x
identity  mih_m16_b32      40         4.7      4.8    211486    0.031     79.1x
identity  mih_m16_b32      4096      92.8    103.8     10781    0.034      4.0x
matern    mih_m16_b32      10         2.4      3.0    422582    0.003    160.4x
matern    mih_m16_b32      40         4.9      5.0    203706    0.000     77.3x
matern    mih_m16_b32      4096      94.4    105.3     10594    0.003      4.0x
sobolev   mih_m16_b32      10         2.4      3.1    419920    0.006    161.5x
sobolev   mih_m16_b32      40         4.8      5.0    208461    0.009     80.2x
sobolev   mih_m16_b32      4096     105.6    142.5      9465    0.013      3.6x
identity  mih_m32_b32      10         4.3     13.5    229902    0.013     86.0x
identity  mih_m32_b32      40         5.9      7.9    169005    0.047     63.2x
identity  mih_m32_b32      4096      85.4     94.9     11708    0.178      4.4x
matern    mih_m32_b32      10         2.9      3.3    348042    0.003    132.1x
matern    mih_m32_b32      40         5.0      5.3    200592    0.003     76.1x
matern    mih_m32_b32      4096      83.4     98.1     11996    0.009      4.6x
sobolev   mih_m32_b32      10         2.7      3.4    367575    0.006    141.4x
sobolev   mih_m32_b32      40         5.0      5.2    201296    0.013     77.4x
sobolev   mih_m32_b32      4096      95.2    153.2     10500    0.056      4.0x
identity  mih_m32_b64      10         4.7      5.6    211866    0.022     79.2x
identity  mih_m32_b64      40         8.9     13.3    112434    0.072     42.0x
identity  mih_m32_b64      4096      84.5     98.3     11833    0.178      4.4x
matern    mih_m32_b64      10         3.6      5.4    274433    0.025    104.1x
matern    mih_m32_b64      40         7.8      8.3    127439    0.031     48.4x
matern    mih_m32_b64      4096      84.8    100.0     11793    0.009      4.5x
sobolev   mih_m32_b64      10         3.0      3.5    333810    0.022    128.4x
sobolev   mih_m32_b64      40         7.6      8.2    131821    0.053     50.7x
sobolev   mih_m32_b64      4096      84.5     96.1     11829    0.056      4.6x
identity  hybrid_m32_b64   10         4.3     14.1    231426    0.022     86.5x
identity  hybrid_m32_b64   40         7.1      7.7    141631    0.069     53.0x
identity  hybrid_m32_b64   4096      83.7     95.4     11942    0.178      4.5x
matern    hybrid_m32_b64   10         3.1      3.6    327329    0.025    124.2x
matern    hybrid_m32_b64   40         7.1      7.8    141249    0.028     53.6x
matern    hybrid_m32_b64   4096      84.1     97.1     11891    0.009      4.5x
sobolev   hybrid_m32_b64   10         3.0      3.5    329493    0.022    126.7x
sobolev   hybrid_m32_b64   40         6.9      7.6    144720    0.053     55.7x
sobolev   hybrid_m32_b64   4096      84.5    100.5     11829    0.056      4.6x
identity  gray_m32_b32     10         1.7      1.9    595504    0.013    222.6x
identity  gray_m32_b32     40         2.5      2.8    396368    0.041    148.2x
identity  gray_m32_b32     4096      82.6     92.8     12105    0.178      4.5x
matern    gray_m32_b32     10         1.3      1.7    786048    0.009    298.3x
matern    gray_m32_b32     40         2.3      2.5    428656    0.006    162.7x
matern    gray_m32_b32     4096      83.2     95.1     12021    0.009      4.6x
sobolev   gray_m32_b32     10         1.1      1.1    949442    0.009    365.2x
sobolev   gray_m32_b32     40         2.4      2.6    416336    0.016    160.1x
sobolev   gray_m32_b32     4096      91.6    117.2     10915    0.056      4.2x
identity  gray_full        10         2.6      2.6    379565    0.013    141.9x
identity  gray_full        40         3.2      4.4    313489    0.038    117.2x
identity  gray_full        4096      98.2    118.3     10178    1.000      3.8x
matern    gray_full        10         1.3      1.6    752180    0.031    285.4x
matern    gray_full        40         2.7      2.9    370319    0.075    140.5x
matern    gray_full        4096      96.8    110.5     10335    1.000      3.9x
sobolev   gray_full        10         1.3      1.5    763796    0.025    293.8x
sobolev   gray_full        40         2.7      3.0    366481    0.062    141.0x
sobolev   gray_full        4096     100.1    121.0      9994    1.000      3.8x

Pareto frontier by weight (higher recall, lower p95 latency):
  identity:
    mih_m32_b32      ef=160   recall=0.097 p95=13.2 us QPS=102850
    gray_m32_b32     ef=20    recall=0.025 p95=1.8 us QPS=484819
    gray_m32_b32     ef=40    recall=0.041 p95=2.8 us QPS=396368
    gray_m32_b32     ef=80    recall=0.053 p95=4.1 us QPS=249532
    gray_m32_b32     ef=160   recall=0.084 p95=6.1 us QPS=174537
    gray_m32_b32     ef=4096  recall=0.178 p95=92.8 us QPS=12105
    gray_full        ef=160   recall=0.091 p95=10.0 us QPS=138726
    gray_full        ef=4096  recall=1.000 p95=118.3 us QPS=10178
  matern:
    gray_full        ef=10    recall=0.031 p95=1.6 us QPS=752180
    gray_full        ef=20    recall=0.047 p95=2.0 us QPS=545721
    gray_full        ef=40    recall=0.075 p95=2.9 us QPS=370319
    gray_full        ef=80    recall=0.122 p95=4.5 us QPS=247534
    gray_full        ef=160   recall=0.175 p95=6.8 us QPS=145591
    gray_full        ef=4096  recall=1.000 p95=110.5 us QPS=10335
  sobolev:
    gray_m32_b32     ef=10    recall=0.009 p95=1.1 us QPS=949442
    gray_full        ef=10    recall=0.025 p95=1.5 us QPS=763796
    gray_full        ef=20    recall=0.038 p95=2.0 us QPS=540961
    gray_full        ef=40    recall=0.062 p95=3.0 us QPS=366481
    gray_full        ef=80    recall=0.094 p95=4.5 us QPS=249445
    gray_full        ef=160   recall=0.138 p95=10.0 us QPS=128882
    gray_full        ef=4096  recall=1.000 p95=121.0 us QPS=9994

CSV written to /mnt/agents/output/zenith/results/zenith_gaussian_native.csv
