Zenith 1.0.0  SIMD=1 (NEON)  FFTW=on  OpenMP=on  threads=6
Ground-truth spectral projection: 4084.2 ms
Exact identity: 3969.8 us/query, 252 QPS
Exact matern  : 3961.0 us/query, 252 QPS
Exact sobolev : 3956.2 us/query, 253 QPS
built/measured mih_m16_b32      M=16  bits=32 build=6.9 ms mem=1.22 MB fftw=1
built/measured mih_m32_b32      M=32  bits=32 build=6.1 ms mem=1.72 MB fftw=1
built/measured mih_m32_b64      M=32  bits=64 build=7.6 ms mem=2.31 MB fftw=1
built/measured hybrid_m32_b64   M=32  bits=64 build=6.3 ms mem=2.31 MB fftw=1
built/measured gray_m32_b32     M=32  bits=32 build=8.0 ms mem=1.16 MB fftw=1
built/measured gray_full        M=256 bits=64 build=11.8 ms mem=8.38 MB fftw=1
built/measured hamming_m32_b64  M=32  bits=64 build=5.7 ms mem=1.19 MB fftw=1
built/measured posterior_m32_b64 M=32  bits=64 build=7.4 ms mem=1.19 MB fftw=1
built/measured hamming_full     M=256 bits=64 build=9.2 ms mem=8.38 MB fftw=1
built/measured posterior_full   M=256 bits=64 build=10.4 ms mem=8.38 MB fftw=1
built/measured lm2_ham_full     M=256 bits=64 build=15.4 ms mem=8.38 MB fftw=1
built/measured lm2_post_full    M=256 bits=64 build=13.7 ms mem=8.38 MB fftw=1
built/measured signmag_ham_full M=256 bits=64 build=20.9 ms mem=8.38 MB fftw=1
built/measured signmag_post_full M=256 bits=64 build=22.5 ms mem=8.38 MB fftw=1

Benchmark summary (rough, N=8192, D=256, Q=48, k=10, SIMD=1, FFTW=on, OpenMP=on, threads=6)
weight    config           ef      avg us   p95 us       QPS  batch QPS   recall   speedup
identity  mih_m16_b32      10        36.3     44.9     27569     156930    0.263    109.4x
identity  mih_m16_b32      40        49.9     60.6     20036     123007    0.406     79.5x
identity  mih_m16_b32      8192      38.5     39.2     25965      44807    0.463    103.1x
matern    mih_m16_b32      10        36.9     46.5     27128     160611    0.246    107.5x
matern    mih_m16_b32      40        49.4     60.5     20252      82948    0.367     80.2x
matern    mih_m16_b32      8192      37.3     39.3     26805      45242    0.396    106.2x
sobolev   mih_m16_b32      10        37.8     46.4     26475     161388    0.254    104.7x
sobolev   mih_m16_b32      40        52.7     64.6     18981     123269    0.390     75.1x
sobolev   mih_m16_b32      8192      38.2     39.8     26200      45482    0.456    103.7x
identity  mih_m32_b32      10        36.5     45.5     27399     149486    0.263    108.8x
identity  mih_m32_b32      40        51.4     64.5     19453     121867    0.463     77.2x
identity  mih_m32_b32      8192      98.8     49.8     10127      27831    0.596     40.2x
matern    mih_m32_b32      10        38.3     48.2     26108     158943    0.246    103.4x
matern    mih_m32_b32      40        50.4     60.7     19838     122876    0.408     78.6x
matern    mih_m32_b32      8192      47.9     48.1     20864      32838    0.494     82.6x
sobolev   mih_m32_b32      10        39.1     48.8     25555     161894    0.254    101.1x
sobolev   mih_m32_b32      40        50.8     59.7     19680     122815    0.433     77.9x
sobolev   mih_m32_b32      8192      45.9     47.9     21773      27327    0.552     86.1x
identity  mih_m32_b64      10        46.9     47.3     21317     155049    0.365     84.6x
identity  mih_m32_b64      40        52.5     60.2     19063     117073    0.548     75.7x
identity  mih_m32_b64      8192      49.4     50.8     20233      31670    0.596     80.3x
matern    mih_m32_b64      10        39.3     44.9     25474      20885    0.331    100.9x
matern    mih_m32_b64      40        57.8     62.3     17311     108104    0.467     68.6x
matern    mih_m32_b64      8192      48.4     50.0     20651      31411    0.494     81.8x
sobolev   mih_m32_b64      10        41.0     47.1     24384     155467    0.342     96.5x
sobolev   mih_m32_b64      40        52.1     61.0     19183     118723    0.498     75.9x
sobolev   mih_m32_b64      8192      48.8     50.0     20496      30277    0.552     81.1x
identity  hybrid_m32_b64   10        38.5     44.6     25988     156783    0.365    103.2x
identity  hybrid_m32_b64   40        48.4     45.8     20668     144531    0.519     82.0x
identity  hybrid_m32_b64   8192      47.7     49.8     20983      32599    0.596     83.3x
matern    hybrid_m32_b64   10        38.7     44.3     25866     156668    0.331    102.5x
matern    hybrid_m32_b64   40        40.1     47.0     24950     144184    0.442     98.8x
matern    hybrid_m32_b64   8192      48.5     50.6     20636      32356    0.494     81.7x
sobolev   hybrid_m32_b64   10        40.0     44.8     25006     157773    0.342     98.9x
sobolev   hybrid_m32_b64   40        39.7     44.2     25179     149605    0.477     99.6x
sobolev   hybrid_m32_b64   8192      47.8     50.2     20921      32710    0.552     82.8x
identity  gray_m32_b32     10         4.5      5.1    223839    1368574    0.225    888.6x
identity  gray_m32_b32     40         5.3      5.8    186955    1111060    0.321    742.2x
identity  gray_m32_b32     8192      46.0     47.7     21745      28862    0.596     86.3x
matern    gray_m32_b32     10         4.2      4.5    237223    1413719    0.202    939.6x
matern    gray_m32_b32     40         5.3      5.6    189530    1125255    0.281    750.7x
matern    gray_m32_b32     8192      46.7     47.9     21421      32641    0.494     84.8x
sobolev   gray_m32_b32     10         4.7      4.8    214125    1411018    0.208    847.1x
sobolev   gray_m32_b32     40         5.2      5.6    190662    1127767    0.304    754.3x
sobolev   gray_m32_b32     8192      46.8     47.8     21383      32900    0.552     84.6x
identity  gray_full        10         6.2      7.2    160130     479981    0.160    635.7x
identity  gray_full        40        16.9     11.3     59071     598295    0.252    234.5x
identity  gray_full        8192     260.7    280.1      3836       3839    1.000     15.2x
matern    gray_full        10         6.0      7.0    167031    1177336    0.158    661.6x
matern    gray_full        40         9.5     10.8    104876     668133    0.242    415.4x
matern    gray_full        8192     369.2    333.7      2708       3494    1.000     10.7x
sobolev   gray_full        10         5.9      6.8    169217     926462    0.160    669.5x
sobolev   gray_full        40         9.8     11.2    102225     643751    0.250    404.4x
sobolev   gray_full        8192     325.5    314.8      3073       3392    1.000     12.2x
identity  hamming_m32_b64  10        53.4     59.6     18712     102044    0.354     74.3x
identity  hamming_m32_b64  40        52.1     60.4     19195      98791    0.560     76.2x
identity  hamming_m32_b64  8192      56.0     48.9     17861      33133    0.596     70.9x
matern    hamming_m32_b64  10        49.2     59.9     20306     102329    0.325     80.4x
matern    hamming_m32_b64  40        52.3     60.4     19119      93483    0.475     75.7x
matern    hamming_m32_b64  8192      46.5     48.5     21488      33137    0.494     85.1x
sobolev   hamming_m32_b64  10        51.2     58.9     19514     102687    0.335     77.2x
sobolev   hamming_m32_b64  40        51.0     58.2     19612      99308    0.512     77.6x
sobolev   hamming_m32_b64  8192      46.7     48.7     21404      33026    0.552     84.7x
identity  posterior_m32_b64 10        73.9     77.3     13523      46229    0.419     53.7x
identity  posterior_m32_b64 40        74.0     80.1     13513      50648    0.598     53.6x
identity  posterior_m32_b64 8192      50.4     49.4     19825      31970    0.596     78.7x
matern    posterior_m32_b64 10        70.8     75.5     14124      51426    0.294     55.9x
matern    posterior_m32_b64 40        78.3     79.6     12771      50815    0.448     50.6x
matern    posterior_m32_b64 8192      46.9     48.9     21328      31815    0.494     84.5x
sobolev   posterior_m32_b64 10        70.8     76.0     14122      51615    0.390     55.9x
sobolev   posterior_m32_b64 40        74.2     79.8     13479      50687    0.548     53.3x
sobolev   posterior_m32_b64 8192      47.3     49.3     21157      23496    0.552     83.7x
identity  hamming_full     10        69.9     63.4     14302      98947    0.354     56.8x
identity  hamming_full     40        63.8     74.7     15683      82646    0.667     62.3x
identity  hamming_full     8192     272.2    300.0      3674       3750    1.000     14.6x
matern    hamming_full     10        57.3     69.7     17453     100083    0.325     69.1x
matern    hamming_full     40        99.6     72.5     10037      89368    0.615     39.8x
matern    hamming_full     8192     394.0    488.1      2538       3647    1.000     10.1x
sobolev   hamming_full     10        52.2     61.5     19149     100250    0.335     75.8x
sobolev   hamming_full     40        97.0     69.9     10305      62037    0.633     40.8x
sobolev   hamming_full     8192     369.1    416.1      2709       3474    1.000     10.7x
identity  posterior_full   10       156.5    317.0      6389      51205    0.419     25.4x
identity  posterior_full   40       187.9    317.4      5323      47952    0.821     21.1x
identity  posterior_full   8192     329.1    323.0      3039       3793    1.000     12.1x
matern    posterior_full   10       126.7     78.4      7892      50619    0.331     31.3x
matern    posterior_full   40        91.1     87.7     10971      48446    0.583     43.5x
matern    posterior_full   8192     277.7    317.2      3601       3418    1.000     14.3x
sobolev   posterior_full   10        74.8     78.4     13362      50722    0.408     52.9x
sobolev   posterior_full   40        91.8     90.1     10899      47056    0.758     43.1x
sobolev   posterior_full   8192     276.8    306.4      3613       3544    1.000     14.3x
identity  lm2_ham_full     10        60.0     70.5     16679      98337    0.404     66.2x
identity  lm2_ham_full     40        62.1     72.3     16110      85814    0.727     64.0x
identity  lm2_ham_full     8192     357.2    453.4      2799       3716    1.000     11.1x
matern    lm2_ham_full     10        59.3     65.1     16874      98570    0.375     66.8x
matern    lm2_ham_full     40        61.6     72.1     16246      56574    0.683     64.4x
matern    lm2_ham_full     8192     347.3    517.0      2880       3545    1.000     11.4x
sobolev   lm2_ham_full     10        57.3     62.6     17440      98590    0.392     69.0x
sobolev   lm2_ham_full     40        62.5     72.3     16001      86527    0.708     63.3x
sobolev   lm2_ham_full     8192     340.7    405.9      2935       3404    1.000     11.6x
identity  lm2_post_full    10       178.8    175.6      5593      35582    0.450     22.2x
identity  lm2_post_full    40       185.7    183.5      5385      26025    0.785     21.4x
identity  lm2_post_full    8192     280.9    295.2      3560       3620    1.000     14.1x
matern    lm2_post_full    10       170.2    173.9      5875      28209    0.342     23.3x
matern    lm2_post_full    40       185.3    205.4      5396      34163    0.685     21.4x
matern    lm2_post_full    8192     287.5    311.2      3479       3878    1.000     13.8x
sobolev   lm2_post_full    10       171.8    172.4      5821      35738    0.408     23.0x
sobolev   lm2_post_full    40       177.6    182.4      5632      34015    0.752     22.3x
sobolev   lm2_post_full    8192     274.5    291.2      3643       3693    1.000     14.4x
identity  signmag_ham_full 10        72.0     87.6     13896      66575    0.521     55.2x
identity  signmag_ham_full 40        78.8     93.2     12690      58232    0.875     50.4x
identity  signmag_ham_full 8192     265.7    289.1      3764       3488    1.000     14.9x
matern    signmag_ham_full 10        70.2     83.8     14242      67070    0.477     56.4x
matern    signmag_ham_full 40        78.8     94.8     12683      61488    0.806     50.2x
matern    signmag_ham_full 8192     269.2    284.7      3715       3631    1.000     14.7x
sobolev   signmag_ham_full 10        71.8     84.9     13922      62720    0.498     55.1x
sobolev   signmag_ham_full 40       132.2     99.0      7562      61711    0.837     29.9x
sobolev   signmag_ham_full 8192     269.0    288.3      3717       3952    1.000     14.7x
identity  signmag_post_full 10       349.3    357.8      2863      17090    0.633     11.4x
identity  signmag_post_full 40       362.0    373.2      2763      16365    0.935     11.0x
identity  signmag_post_full 8192     288.7    366.2      3464       3547    1.000     13.8x
matern    signmag_post_full 10       346.9    353.7      2883       9166    0.473     11.4x
matern    signmag_post_full 40       359.2    366.1      2784      16770    0.788     11.0x
matern    signmag_post_full 8192     328.2    313.5      3047       3437    1.000     12.1x
sobolev   signmag_post_full 10       346.8    354.4      2884      17003    0.583     11.4x
sobolev   signmag_post_full 40       358.0    363.6      2794      16767    0.898     11.1x
sobolev   signmag_post_full 8192     324.6    352.3      3081       3768    1.000     12.2x

Pareto frontier by weight (higher recall, lower p95 latency):
  identity:
    mih_m16_b32      ef=8192  recall=0.463 p95=39.2 us QPS=25965
    hybrid_m32_b64   ef=40    recall=0.519 p95=45.8 us QPS=20668
    gray_m32_b32     ef=20    recall=0.263 p95=5.0 us QPS=210548
    gray_m32_b32     ef=40    recall=0.321 p95=5.8 us QPS=186955
    gray_m32_b32     ef=80    recall=0.340 p95=7.2 us QPS=151479
    gray_m32_b32     ef=160   recall=0.408 p95=9.8 us QPS=94164
    gray_m32_b32     ef=8192  recall=0.596 p95=47.7 us QPS=21745
    gray_full        ef=8192  recall=1.000 p95=280.1 us QPS=3836
    hamming_m32_b64  ef=160   recall=0.604 p95=70.1 us QPS=16630
    posterior_full   ef=80    recall=0.925 p95=104.2 us QPS=10005
    posterior_full   ef=160   recall=0.990 p95=128.0 us QPS=8231
    lm2_ham_full     ef=40    recall=0.727 p95=72.3 us QPS=16110
    lm2_ham_full     ef=80    recall=0.850 p95=84.7 us QPS=13281
    signmag_ham_full ef=40    recall=0.875 p95=93.2 us QPS=12690
    signmag_ham_full ef=80    recall=0.960 p95=108.2 us QPS=10803
    signmag_ham_full ef=160   recall=0.996 p95=160.2 us QPS=5693
  matern:
    mih_m32_b64      ef=20    recall=0.406 p95=44.1 us QPS=25385
    hybrid_m32_b64   ef=40    recall=0.442 p95=47.0 us QPS=24950
    gray_m32_b32     ef=10    recall=0.202 p95=4.5 us QPS=237223
    gray_m32_b32     ef=20    recall=0.233 p95=5.0 us QPS=155418
    gray_m32_b32     ef=40    recall=0.281 p95=5.6 us QPS=189530
    gray_m32_b32     ef=80    recall=0.294 p95=7.0 us QPS=149456
    gray_m32_b32     ef=160   recall=0.352 p95=9.3 us QPS=115540
    gray_m32_b32     ef=8192  recall=0.494 p95=47.9 us QPS=21421
    gray_full        ef=160   recall=0.396 p95=31.6 us QPS=29834
    hamming_m32_b64  ef=80    recall=0.506 p95=63.2 us QPS=18131
    lm2_ham_full     ef=20    recall=0.535 p95=66.6 us QPS=17633
    lm2_ham_full     ef=40    recall=0.683 p95=72.1 us QPS=16246
    lm2_ham_full     ef=80    recall=0.808 p95=81.1 us QPS=13491
    lm2_ham_full     ef=160   recall=0.915 p95=111.1 us QPS=10328
    signmag_ham_full ef=80    recall=0.921 p95=113.8 us QPS=6712
    signmag_ham_full ef=160   recall=0.981 p95=133.5 us QPS=8691
    signmag_ham_full ef=8192  recall=1.000 p95=284.7 us QPS=3715
  sobolev:
    mih_m16_b32      ef=8192  recall=0.456 p95=39.8 us QPS=26200
    hybrid_m32_b64   ef=40    recall=0.477 p95=44.2 us QPS=25179
    gray_m32_b32     ef=10    recall=0.208 p95=4.8 us QPS=214125
    gray_m32_b32     ef=20    recall=0.246 p95=4.9 us QPS=216943
    gray_m32_b32     ef=40    recall=0.304 p95=5.6 us QPS=190662
    gray_m32_b32     ef=80    recall=0.319 p95=6.9 us QPS=156620
    gray_m32_b32     ef=160   recall=0.379 p95=9.3 us QPS=116609
    gray_m32_b32     ef=8192  recall=0.552 p95=47.8 us QPS=21383
    gray_full        ef=160   recall=0.398 p95=30.7 us QPS=37992
    hamming_full     ef=40    recall=0.633 p95=69.9 us QPS=10305
    hamming_full     ef=80    recall=0.771 p95=80.4 us QPS=13885
    hamming_full     ef=160   recall=0.919 p95=109.8 us QPS=10618
    posterior_full   ef=160   recall=0.977 p95=132.2 us QPS=8276
    lm2_ham_full     ef=40    recall=0.708 p95=72.3 us QPS=16001
    lm2_ham_full     ef=80    recall=0.835 p95=81.8 us QPS=13658
    signmag_ham_full ef=40    recall=0.837 p95=99.0 us QPS=7562
    signmag_ham_full ef=80    recall=0.944 p95=111.0 us QPS=10816
    signmag_ham_full ef=160   recall=0.994 p95=133.2 us QPS=8745
    signmag_ham_full ef=8192  recall=1.000 p95=288.3 us QPS=3717

CSV written to /home/damus/Projects/ZENITH/results/zenith_rough_perf.csv
