Zenith 1.0.0  SIMD=1 (NEON)  FFTW=off  OpenMP=off  threads=1
Ground-truth spectral projection: 4066.7 ms
Exact identity: 3828.2 us/query, 261 QPS
Exact matern  : 3825.4 us/query, 261 QPS
Exact sobolev : 3831.7 us/query, 261 QPS
built/measured mih_m16_b32      M=16  bits=32 build=22.8 ms mem=1.22 MB fftw=0
built/measured mih_m32_b32      M=32  bits=32 build=22.1 ms mem=1.72 MB fftw=0
built/measured mih_m32_b64      M=32  bits=64 build=38.4 ms mem=2.31 MB fftw=0
built/measured hybrid_m32_b64   M=32  bits=64 build=36.3 ms mem=2.31 MB fftw=0
built/measured gray_m32_b32     M=32  bits=32 build=21.3 ms mem=1.16 MB fftw=0
built/measured gray_full        M=256 bits=64 build=137.6 ms mem=8.38 MB fftw=0
built/measured hamming_m32_b64  M=32  bits=64 build=35.7 ms mem=1.19 MB fftw=0
built/measured posterior_m32_b64 M=32  bits=64 build=35.7 ms mem=1.19 MB fftw=0
built/measured hamming_full     M=256 bits=64 build=138.2 ms mem=8.38 MB fftw=0
built/measured posterior_full   M=256 bits=64 build=137.8 ms mem=8.38 MB fftw=0
built/measured lm2_ham_full     M=256 bits=64 build=257.7 ms mem=8.38 MB fftw=0
built/measured lm2_post_full    M=256 bits=64 build=258.1 ms mem=8.38 MB fftw=0
built/measured signmag_ham_full M=256 bits=64 build=260.6 ms mem=8.38 MB fftw=0
built/measured signmag_post_full M=256 bits=64 build=260.7 ms mem=8.38 MB fftw=0

Benchmark summary (clustered, N=8192, D=256, Q=48, k=10, SIMD=1, FFTW=off, OpenMP=off, threads=1)
weight    config           ef      avg us   p95 us       QPS  batch QPS   recall   speedup
identity  mih_m16_b32      10        17.0     18.4     58886      57137    0.044    225.4x
identity  mih_m16_b32      40        22.8     25.5     43904      44859    0.069    168.1x
identity  mih_m16_b32      8192      94.4    123.3     10590      10526    0.158     40.5x
matern    mih_m16_b32      10        17.8     18.8     56330      57513    0.033    215.5x
matern    mih_m16_b32      40        22.6     24.9     44254      45086    0.050    169.3x
matern    mih_m16_b32      8192      91.5    126.4     10933      10936    0.115     41.8x
sobolev   mih_m16_b32      10        18.0     19.6     55533      57335    0.035    212.8x
sobolev   mih_m16_b32      40        22.5     24.8     44350      44985    0.054    169.9x
sobolev   mih_m16_b32      8192      94.4    124.9     10599      10529    0.123     40.6x
identity  mih_m32_b32      10        16.5     17.5     60609      56905    0.044    232.0x
identity  mih_m32_b32      40        23.1     25.3     43259      44267    0.077    165.6x
identity  mih_m32_b32      8192     122.1    173.3      8192       8323    0.196     31.4x
matern    mih_m32_b32      10        17.8     19.0     56031      57263    0.033    214.3x
matern    mih_m32_b32      40        23.1     26.1     43335      44531    0.052    165.8x
matern    mih_m32_b32      8192     114.8    172.6      8711       8882    0.125     33.3x
sobolev   mih_m32_b32      10        18.0     19.6     55554      57348    0.035    212.9x
sobolev   mih_m32_b32      40        23.0     26.4     43544      44498    0.056    166.8x
sobolev   mih_m32_b32      8192     120.8    171.6      8275       8375    0.135     31.7x
identity  mih_m32_b64      10        23.9     28.0     41822      40746    0.056    160.1x
identity  mih_m32_b64      40        31.4     35.9     31843      32757    0.115    121.9x
identity  mih_m32_b64      8192     137.1    182.1      7295       7369    0.196     27.9x
matern    mih_m32_b64      10        25.6     29.4     39059      40834    0.042    149.4x
matern    mih_m32_b64      40        31.2     35.4     32039      32754    0.079    122.6x
matern    mih_m32_b64      8192     132.7    183.6      7537       7638    0.125     28.8x
sobolev   mih_m32_b64      10        25.4     29.3     39332      40902    0.042    150.7x
sobolev   mih_m32_b64      40        31.1     35.9     32193      32741    0.075    123.4x
sobolev   mih_m32_b64      8192     136.8    182.7      7311       7440    0.135     28.0x
identity  hybrid_m32_b64   10        23.8     27.7     41938      40844    0.056    160.5x
identity  hybrid_m32_b64   40        26.6     29.8     37646      38101    0.119    144.1x
identity  hybrid_m32_b64   8192     136.4    181.3      7332       7339    0.196     28.1x
matern    hybrid_m32_b64   10        25.3     28.9     39601      40526    0.042    151.5x
matern    hybrid_m32_b64   40        26.2     29.4     38110      37833    0.077    145.8x
matern    hybrid_m32_b64   8192     132.5    184.2      7546       7612    0.125     28.9x
sobolev   hybrid_m32_b64   10        25.3     28.6     39584      40917    0.042    151.7x
sobolev   hybrid_m32_b64   40        26.2     29.4     38232      38115    0.079    146.5x
sobolev   hybrid_m32_b64   8192     135.8    182.2      7362       7382    0.135     28.2x
identity  gray_m32_b32     10         4.2      4.8    236437     274214    0.044    905.1x
identity  gray_m32_b32     40         5.7      5.9    174779     180023    0.073    669.1x
identity  gray_m32_b32     8192     122.2    173.7      8186       8234    0.196     31.3x
matern    gray_m32_b32     10         3.7      4.0    267609     286742    0.035   1023.7x
matern    gray_m32_b32     40         5.5      5.4    180282     182632    0.050    689.7x
matern    gray_m32_b32     8192     113.4    170.3      8816       8782    0.125     33.7x
sobolev   gray_m32_b32     10         3.7      3.9    271387     289399    0.038   1039.9x
sobolev   gray_m32_b32     40         5.5      5.4    181066     185914    0.056    693.8x
sobolev   gray_m32_b32     8192     120.1    168.7      8328       8322    0.135     31.9x
identity  gray_full        10        19.0     20.1     52523      56944    0.058    201.1x
identity  gray_full        40        22.3     24.1     44863      46379    0.144    171.7x
identity  gray_full        8192     877.0    899.3      1140       1152    1.000      4.4x
matern    gray_full        10        18.6     19.6     53792      56476    0.044    205.8x
matern    gray_full        40        22.1     23.2     45264      47645    0.117    173.2x
matern    gray_full        8192     899.0    925.5      1112       1154    1.000      4.3x
sobolev   gray_full        10        18.8     19.6     53060      56657    0.046    203.3x
sobolev   gray_full        40        22.3     23.2     44819      45528    0.104    171.7x
sobolev   gray_full        8192     889.8    919.6      1124       1147    1.000      4.3x
identity  hamming_m32_b64  10        67.0     76.4     14924      15140    0.056     57.1x
identity  hamming_m32_b64  40        67.4     76.6     14847      14898    0.131     56.8x
identity  hamming_m32_b64  8192     131.5    168.8      7606       7590    0.196     29.1x
matern    hamming_m32_b64  10        66.0     75.4     15161      15212    0.042     58.0x
matern    hamming_m32_b64  40        67.1     76.5     14900      14831    0.079     57.0x
matern    hamming_m32_b64  8192     126.0    175.6      7936       7874    0.125     30.4x
sobolev   hamming_m32_b64  10        65.9     75.5     15184      15194    0.044     58.2x
sobolev   hamming_m32_b64  40        67.0     76.5     14927      14905    0.087     57.2x
sobolev   hamming_m32_b64  8192     131.0    169.8      7635       7619    0.135     29.3x
identity  posterior_m32_b64 10       111.4    115.6      8978       9065    0.058     34.4x
identity  posterior_m32_b64 40       112.3    116.5      8908       8936    0.125     34.1x
identity  posterior_m32_b64 8192     131.3    169.3      7616       7603    0.196     29.2x
matern    posterior_m32_b64 10       110.3    114.8      9069       9075    0.040     34.7x
matern    posterior_m32_b64 40       112.0    116.9      8928       8960    0.067     34.2x
matern    posterior_m32_b64 8192     126.0    173.4      7936       7907    0.125     30.4x
sobolev   posterior_m32_b64 10       110.6    115.5      9038       9040    0.044     34.6x
sobolev   posterior_m32_b64 40       112.3    117.0      8901       8915    0.090     34.1x
sobolev   posterior_m32_b64 8192     130.3    168.6      7677       7660    0.135     29.4x
identity  hamming_full     10        79.9     89.1     12508      12802    0.056     47.9x
identity  hamming_full     40        83.2     91.7     12017      11898    0.165     46.0x
identity  hamming_full     8192     883.7    913.0      1132       1147    1.000      4.3x
matern    hamming_full     10        79.3     88.3     12610      12864    0.042     48.2x
matern    hamming_full     40        83.2     92.0     12024      12264    0.123     46.0x
matern    hamming_full     8192     896.6    926.7      1115       1147    1.000      4.3x
sobolev   hamming_full     10        79.2     88.3     12632      12870    0.044     48.4x
sobolev   hamming_full     40        84.0     95.1     11909      12304    0.133     45.6x
sobolev   hamming_full     8192     915.4    943.2      1092       1129    1.000      4.2x
identity  posterior_full   10       124.5    129.0      8029       8129    0.058     30.7x
identity  posterior_full   40       129.4    134.1      7731       7784    0.152     29.6x
identity  posterior_full   8192     884.0    916.0      1131       1152    1.000      4.3x
matern    posterior_full   10       123.6    128.5      8089       8164    0.040     30.9x
matern    posterior_full   40       128.2    133.6      7799       7781    0.119     29.8x
matern    posterior_full   8192     891.7    919.0      1121       1153    1.000      4.3x
sobolev   posterior_full   10       124.1    129.4      8058       8174    0.048     30.9x
sobolev   posterior_full   40       129.0    135.7      7751       7821    0.129     29.7x
sobolev   posterior_full   8192     886.3    915.6      1128       1153    1.000      4.3x
identity  lm2_ham_full     10        77.2     87.0     12960      13418    0.054     49.6x
identity  lm2_ham_full     40        80.9     91.7     12360      12280    0.171     47.3x
identity  lm2_ham_full     8192     888.0    912.5      1126       1157    1.000      4.3x
matern    lm2_ham_full     10        76.8     87.2     13024      13354    0.050     49.8x
matern    lm2_ham_full     40        81.6     91.6     12250      12478    0.146     46.9x
matern    lm2_ham_full     8192     901.1    920.2      1110       1141    1.000      4.2x
sobolev   lm2_ham_full     10        76.5     86.8     13080      13363    0.048     50.1x
sobolev   lm2_ham_full     40        80.7     91.9     12391      12292    0.142     47.5x
sobolev   lm2_ham_full     8192     893.8    931.1      1119       1153    1.000      4.3x
identity  lm2_post_full    10       180.5    186.6      5541       5618    0.033     21.2x
identity  lm2_post_full    40       184.4    190.5      5424       5444    0.121     20.8x
identity  lm2_post_full    8192     895.5    915.2      1117       1163    1.000      4.3x
matern    lm2_post_full    10       180.6    186.8      5539       5600    0.027     21.2x
matern    lm2_post_full    40       184.1    189.4      5433       5419    0.100     20.8x
matern    lm2_post_full    8192     888.8    914.8      1125       1158    1.000      4.3x
sobolev   lm2_post_full    10       180.3    186.8      5547       5596    0.025     21.3x
sobolev   lm2_post_full    40       184.3    190.8      5427       5481    0.102     20.8x
sobolev   lm2_post_full    8192     897.6    920.7      1114       1159    1.000      4.3x
identity  signmag_ham_full 10       104.1    115.8      9603      10005    0.092     36.8x
identity  signmag_ham_full 40       110.2    122.8      9073       9080    0.194     34.7x
identity  signmag_ham_full 8192     948.0    987.9      1055       1140    1.000      4.0x
matern    signmag_ham_full 10       103.0    115.1      9706      10020    0.087     37.1x
matern    signmag_ham_full 40       109.3    121.3      9150       9353    0.173     35.0x
matern    signmag_ham_full 8192     948.7    986.4      1054       1146    1.000      4.0x
sobolev   signmag_ham_full 10       102.8    114.4      9724      10003    0.085     37.3x
sobolev   signmag_ham_full 40       108.9    121.1      9181       9347    0.169     35.2x
sobolev   signmag_ham_full 8192     972.2    995.6      1029       1119    1.000      3.9x
identity  signmag_post_full 10       359.8    365.9      2779       2806    0.025     10.6x
identity  signmag_post_full 40       364.6    370.1      2742       2747    0.125     10.5x
identity  signmag_post_full 8192     948.1    984.2      1055       1149    1.000      4.0x
matern    signmag_post_full 10       359.1    365.6      2785       2809    0.023     10.7x
matern    signmag_post_full 40       363.7    369.4      2750       2762    0.085     10.5x
matern    signmag_post_full 8192     950.8    995.8      1052       1145    1.000      4.0x
sobolev   signmag_post_full 10       358.9    366.3      2786       2812    0.019     10.7x
sobolev   signmag_post_full 40       364.9    371.1      2741       2758    0.102     10.5x
sobolev   signmag_post_full 8192     956.4    983.7      1046       1135    1.000      4.0x

Pareto frontier by weight (higher recall, lower p95 latency):
  identity:
    gray_m32_b32     ef=20    recall=0.062 p95=4.7 us QPS=214679
    gray_m32_b32     ef=40    recall=0.073 p95=5.9 us QPS=174779
    gray_m32_b32     ef=80    recall=0.108 p95=7.6 us QPS=136359
    gray_m32_b32     ef=160   recall=0.152 p95=9.8 us QPS=104804
    gray_full        ef=80    recall=0.246 p95=31.4 us QPS=34794
    gray_full        ef=160   recall=0.396 p95=47.1 us QPS=24504
    gray_full        ef=8192  recall=1.000 p95=899.3 us QPS=1140
    hamming_full     ef=160   recall=0.429 p95=112.4 us QPS=9727
    lm2_ham_full     ef=160   recall=0.425 p95=111.8 us QPS=9941
    signmag_ham_full ef=160   recall=0.465 p95=164.5 us QPS=6761
  matern:
    gray_m32_b32     ef=10    recall=0.035 p95=4.0 us QPS=267609
    gray_m32_b32     ef=20    recall=0.046 p95=4.4 us QPS=220874
    gray_m32_b32     ef=40    recall=0.050 p95=5.4 us QPS=180282
    gray_m32_b32     ef=80    recall=0.077 p95=7.0 us QPS=139492
    gray_m32_b32     ef=160   recall=0.102 p95=12.9 us QPS=100479
    gray_full        ef=40    recall=0.117 p95=23.2 us QPS=45264
    gray_full        ef=80    recall=0.213 p95=31.1 us QPS=35047
    gray_full        ef=160   recall=0.340 p95=48.4 us QPS=24004
    lm2_ham_full     ef=160   recall=0.400 p95=113.4 us QPS=9840
    lm2_post_full    ef=8192  recall=1.000 p95=914.8 us QPS=1125
  sobolev:
    gray_m32_b32     ef=10    recall=0.038 p95=3.9 us QPS=271387
    gray_m32_b32     ef=20    recall=0.050 p95=4.4 us QPS=225150
    gray_m32_b32     ef=40    recall=0.056 p95=5.4 us QPS=181066
    gray_m32_b32     ef=80    recall=0.083 p95=6.8 us QPS=146638
    gray_m32_b32     ef=160   recall=0.102 p95=9.3 us QPS=108550
    gray_full        ef=40    recall=0.104 p95=23.2 us QPS=44819
    gray_full        ef=80    recall=0.221 p95=31.6 us QPS=34699
    gray_full        ef=160   recall=0.367 p95=46.2 us QPS=24759
    posterior_full   ef=8192  recall=1.000 p95=915.6 us QPS=1128
    lm2_ham_full     ef=160   recall=0.404 p95=112.8 us QPS=10034

CSV written to /home/damus/Projects/ZENITH/results/zenith_clustered_o3_serial.csv
